// Jest Snapshot v1, https://goo.gl/fbAQLP

exports[`pruebas en GifGridItem.js mostrar correctamente el componente 1`] = `
<div
  className="card animate__animated animate__fadeIn"
>
  <img
    alt="jibril"
    src="http://localhost/jibril.jpg"
  />
  <p>
    jibril
  </p>
</div>
`;
